// Vitest Snapshot v1, https://vitest.dev/guide/snapshot.html

exports[`App > renders properly 1`] = `"COUNTRIES CATALOG SORT NAMEASCENDINGDESCENDING Page 1 (25) of 0 PREVIOUS  NEXT"`;
