// Vitest Snapshot v1, https://vitest.dev/guide/snapshot.html

exports[`CountryList > renders properly 1`] = `""`;

exports[`SortOption > renders properly 1`] = `"SORT NAMEASCENDINGDESCENDING"`;
