// Vitest Snapshot v1, https://vitest.dev/guide/snapshot.html

exports[`Loader > renders properly 1`] = `""`;

exports[`Modal > renders properly 1`] = `""`;
