// Vitest Snapshot v1, https://vitest.dev/guide/snapshot.html

exports[`Pagination > renders properly 1`] = `"Page 1 (25) of 0 PREVIOUS  NEXT"`;

exports[`SearchBox > renders properly 1`] = `""`;
