// Vitest Snapshot v1, https://vitest.dev/guide/snapshot.html

exports[`Pagination > renders properly 1`] = `""`;

exports[`router > renders properly 1`] = `""`;
